// Jest Snapshot v1, https://goo.gl/fbAQLP

exports[`CalendarPanel matches snapshot 1`] = `
<DocumentFragment>
  <article
    class="calendar-settings"
  >
    <h3>
      preferences.calendar.title
    </h3>
    <hr />
    <p>
      preferences.calendar.desc
    </p>
    <section
      class="week-start"
    >
      <p>
        preferences.calendar.weekDay
      </p>
      <div
        class="week-days-buttons"
      >
        <button
          class="selected-day"
          title="calendar.weekDays.monday.day"
        >
          calendar.weekDays.monday.dim
        </button>
        <button
          class=""
          title="calendar.weekDays.tuesday.day"
        >
          calendar.weekDays.tuesday.dim
        </button>
        <button
          class=""
          title="calendar.weekDays.wednesday.day"
        >
          calendar.weekDays.wednesday.dim
        </button>
        <button
          class=""
          title="calendar.weekDays.thursday.day"
        >
          calendar.weekDays.thursday.dim
        </button>
        <button
          class=""
          title="calendar.weekDays.friday.day"
        >
          calendar.weekDays.friday.dim
        </button>
        <button
          class=""
          title="calendar.weekDays.saturday.day"
        >
          calendar.weekDays.saturday.dim
        </button>
        <button
          class=""
          title="calendar.weekDays.sunday.day"
        >
          calendar.weekDays.sunday.dim
        </button>
      </div>
    </section>
    <section
      class="event-view"
    >
      <p>
        preferences.calendar.calendarView
      </p>
      <div
        class="event-view-buttons"
      >
        <button
          class=""
          title="calendar.messages.month"
        >
          calendar.messages.month
        </button>
        <button
          class=""
          title="calendar.messages.week"
        >
          calendar.messages.week
        </button>
        <button
          class=""
          title="calendar.messages.day"
        >
          calendar.messages.day
        </button>
        <button
          class=""
          title="calendar.messages.agenda"
        >
          calendar.messages.agenda
        </button>
      </div>
    </section>
  </article>
</DocumentFragment>
`;
