// Jest Snapshot v1, https://goo.gl/fbAQLP

exports[`Loading matches snapshot 1`] = `
<DocumentFragment>
  <div
    class="loading-page"
  >
    <h2>
      TidyTime
    </h2>
    <div
      class="loading-bar-container"
    >
      <div
        class="loading-bar"
      />
    </div>
  </div>
</DocumentFragment>
`;
